[2026-07-08 14:20:32,303 ] 1025 httpx - INFO - HTTP Request: GET https://dagshub.com/api/v1/user "HTTP/1.1 200 OK"
[2026-07-08 14:20:32,313 ] 107 dagshub - INFO - Accessing as satyam1353
[2026-07-08 14:20:33,418 ] 1025 httpx - INFO - HTTP Request: GET https://dagshub.com/api/v1/repos/satyam1353/NetworkSecurity "HTTP/1.1 200 OK"
[2026-07-08 14:20:34,913 ] 1025 httpx - INFO - HTTP Request: GET https://dagshub.com/api/v1/user "HTTP/1.1 200 OK"
[2026-07-08 14:20:34,913 ] 107 dagshub - INFO - Initialized MLflow to track repo "satyam1353/NetworkSecurity"
[2026-07-08 14:20:34,913 ] 107 dagshub - INFO - Repository satyam1353/NetworkSecurity initialized!
[2026-07-08 14:21:11,221 ] 37 root - INFO - start data Ingestion
[2026-07-08 14:21:14,474 ] 81 root - INFO - Performed train test split on the dataframe
[2026-07-08 14:21:14,474 ] 83 root - INFO - Exited split_data_as_train_test method of Data_Ingestion class
[2026-07-08 14:21:14,474 ] 89 root - INFO - Exporting train and test file path.
[2026-07-08 14:21:14,541 ] 98 root - INFO - Exported train and test file path
[2026-07-08 14:21:14,541 ] 40 root - INFO - Data Ingestion completed and artifact: DataIngestionArtifact(trained_file_path='Artifacts\\07_08_2026_14_20_27\\data_ingestion\\ingested\\train.csv', test_file_path='Artifacts\\07_08_2026_14_20_27\\data_ingestion\\ingested\\test.csv')
[2026-07-08 14:21:14,557 ] 49 root - INFO - Initiate the data validation
[2026-07-08 14:21:14,645 ] 32 root - INFO - Required number of columns:2
[2026-07-08 14:21:14,646 ] 33 root - INFO - Data frame has columns:31
[2026-07-08 14:21:14,646 ] 32 root - INFO - Required number of columns:2
[2026-07-08 14:21:14,646 ] 33 root - INFO - Data frame has columns:31
[2026-07-08 14:21:14,856 ] 63 root - INFO - Entered initiate_data_transformation method of DataTransformation class
[2026-07-08 14:21:14,857 ] 65 root - INFO - starting data transformation
[2026-07-08 14:21:14,883 ] 48 root - INFO - Entered get_data_tranformer_object method of transformation class
[2026-07-08 14:21:14,883 ] 53 root - INFO - Initialise KNNImputer with{'missing_values': nan, 'n_neighbors': 3, 'weights': 'uniform'}
[2026-07-08 14:21:14,891 ] 46 root - INFO - Entered the save_object method of MainUtils class
[2026-07-08 14:21:14,891 ] 50 root - INFO - Exited the save_object meyhod of mainUtils class
[2026-07-08 14:21:14,891 ] 46 root - INFO - Entered the save_object method of MainUtils class
[2026-07-08 14:21:14,891 ] 50 root - INFO - Exited the save_object meyhod of mainUtils class
[2026-07-08 14:27:33,711 ] 46 root - INFO - Entered the save_object method of MainUtils class
[2026-07-08 14:27:34,051 ] 50 root - INFO - Exited the save_object meyhod of mainUtils class
[2026-07-08 14:27:34,051 ] 46 root - INFO - Entered the save_object method of MainUtils class
[2026-07-08 14:27:34,079 ] 50 root - INFO - Exited the save_object meyhod of mainUtils class
[2026-07-08 14:27:34,079 ] 133 root - INFO - Model trainer artifact: ModelTrainerArtifact(trained_model_file_path='Artifacts\\07_08_2026_14_20_27\\model_trainer\\trained_model\\model.pkl', train_metric_artifact=ClassificationMetricArtifact(f1_score=0.9904471544715447, precision_score=0.9884381338742394, recall_score=0.9924643584521385), test_metric_artifact=ClassificationMetricArtifact(f1_score=0.9785031847133758, precision_score=0.9715415019762846, recall_score=0.9855653568564555))
[2026-07-08 14:28:18,524 ] 37 root - INFO - start data Ingestion
[2026-07-08 14:28:21,892 ] 81 root - INFO - Performed train test split on the dataframe
[2026-07-08 14:28:21,892 ] 83 root - INFO - Exited split_data_as_train_test method of Data_Ingestion class
[2026-07-08 14:28:21,893 ] 89 root - INFO - Exporting train and test file path.
[2026-07-08 14:28:21,967 ] 98 root - INFO - Exported train and test file path
[2026-07-08 14:28:21,968 ] 40 root - INFO - Data Ingestion completed and artifact: DataIngestionArtifact(trained_file_path='Artifacts\\07_08_2026_14_20_27\\data_ingestion\\ingested\\train.csv', test_file_path='Artifacts\\07_08_2026_14_20_27\\data_ingestion\\ingested\\test.csv')
[2026-07-08 14:28:21,978 ] 49 root - INFO - Initiate the data validation
[2026-07-08 14:28:22,062 ] 32 root - INFO - Required number of columns:2
[2026-07-08 14:28:22,062 ] 33 root - INFO - Data frame has columns:31
[2026-07-08 14:28:22,062 ] 32 root - INFO - Required number of columns:2
[2026-07-08 14:28:22,063 ] 33 root - INFO - Data frame has columns:31
[2026-07-08 14:28:22,336 ] 63 root - INFO - Entered initiate_data_transformation method of DataTransformation class
[2026-07-08 14:28:22,336 ] 65 root - INFO - starting data transformation
[2026-07-08 14:28:22,354 ] 48 root - INFO - Entered get_data_tranformer_object method of transformation class
[2026-07-08 14:28:22,354 ] 53 root - INFO - Initialise KNNImputer with{'missing_values': nan, 'n_neighbors': 3, 'weights': 'uniform'}
[2026-07-08 14:28:22,373 ] 46 root - INFO - Entered the save_object method of MainUtils class
[2026-07-08 14:28:22,373 ] 50 root - INFO - Exited the save_object meyhod of mainUtils class
[2026-07-08 14:28:22,373 ] 46 root - INFO - Entered the save_object method of MainUtils class
[2026-07-08 14:28:22,380 ] 50 root - INFO - Exited the save_object meyhod of mainUtils class
